// Jest Snapshot v1, https://goo.gl/fbAQLP

exports[`MainPage test should render correctly 1`] = `
<DocumentFragment>
  <div
    class="main-page"
  >
    <h2
      class="main-page__title"
    >
      VK Маркет
    </h2>
    <h3
      data-testid="current_time"
    >
      12:00:00
    </h3>
    <div
      class="main-page__parameters"
      data-testid="categories"
    >
      <div
        class="categories"
      >
        <div
          class="categories__badge"
        >
          Одежда
        </div>
        <div
          class="categories__badge"
        >
          Для дома
        </div>
        <div
          class="categories__badge"
        >
          Электроника
        </div>
      </div>
    </div>
    <div
      class="product-card"
      data-testid="product_container"
    >
      <div
        class="product-card__text"
      >
        <h2
          class="product-card__name"
        >
          name
        </h2>
        <div
          class="product-card__description"
        >
          description
        </div>
        <h1
          class="product-card__price"
        >
          100 ₽
        </h1>
        <div
          class="product-card__category"
        >
          Электроника
        </div>
      </div>
      <img
        alt="name"
        class="product-card__image"
        src="imgUrl"
      />
    </div>
    <div
      class="product-card"
      data-testid="product_container"
    >
      <div
        class="product-card__text"
      >
        <h2
          class="product-card__name"
        >
          name2
        </h2>
        <div
          class="product-card__description"
        >
          description2
        </div>
        <h1
          class="product-card__price"
        >
          200 $
        </h1>
        <div
          class="product-card__category"
        >
          Одежда
        </div>
      </div>
      <img
        alt="name2"
        class="product-card__image"
        src="imgUrl2"
      />
    </div>
  </div>
</DocumentFragment>
`;
